[2026-09-03T13:33:28.019Z] Starting dev server with command: pnpm run dev
[2026-09-03T13:33:30.431Z] > school-work-react@1.0.0 dev /home/ubuntu/school-work-react
[2026-09-03T13:33:30.431Z] > vite --host
[2026-09-03T13:33:30.996Z] VITE v7.1.9  ready in 511 ms
[2026-09-03T13:33:30.996Z] ➜  Local:   http://localhost:3000/
[2026-09-03T13:33:30.996Z] ➜  Network: http://169.254.0.21:3000/
[2026-09-03T13:35:51.519Z] ELIFECYCLE  Command failed.
[2026-09-03T13:35:51.546Z] Dev server exited with code -1
[2026-09-03T13:35:52.674Z] Starting dev server with command: pnpm run dev
[2026-09-03T13:35:53.501Z] > school-work-react@1.0.0 dev /home/ubuntu/school-work-react
[2026-09-03T13:35:53.501Z] > NODE_ENV=development tsx watch server/_core/index.ts
[2026-09-03T13:35:54.012Z] node:internal/modules/run_main:122
[2026-09-03T13:35:54.012Z] triggerUncaughtException(
[2026-09-03T13:35:54.012Z] ^
[2026-09-03T13:35:54.012Z] Error [ERR_MODULE_NOT_FOUND]: Cannot find package 'dotenv' imported from /home/ubuntu/school-work-react/server/_core/index.ts
[2026-09-03T13:35:54.012Z] at packageResolve (node:internal/modules/esm/resolve:857:9)
[2026-09-03T13:35:54.012Z] at moduleResolve (node:internal/modules/esm/resolve:926:18)
[2026-09-03T13:35:54.012Z] at defaultResolve (node:internal/modules/esm/resolve:1056:11)
[2026-09-03T13:35:54.012Z] at nextResolve (node:internal/modules/esm/hooks:748:28)
[2026-09-03T13:35:54.013Z] at resolveBase (file:///home/ubuntu/school-work-react/node_modules/.pnpm/tsx@4.20.6/node_modules/tsx/dist/esm/index.mjs?1788442553847:2:3744)
[2026-09-03T13:35:54.013Z] at resolveDirectory (file:///home/ubuntu/school-work-react/node_modules/.pnpm/tsx@4.20.6/node_modules/tsx/dist/esm/index.mjs?1788442553847:2:4243)
[2026-09-03T13:35:54.013Z] at resolveTsPaths (file:///home/ubuntu/school-work-react/node_modules/.pnpm/tsx@4.20.6/node_modules/tsx/dist/esm/index.mjs?1788442553847:2:4984)
[2026-09-03T13:35:54.013Z] at async resolve (file:///home/ubuntu/school-work-react/node_modules/.pnpm/tsx@4.20.6/node_modules/tsx/dist/esm/index.mjs?1788442553847:2:5355)
[2026-09-03T13:35:54.013Z] at async nextResolve (node:internal/modules/esm/hooks:748:22)
[2026-09-03T13:35:54.013Z] at async Hooks.resolve (node:internal/modules/esm/hooks:240:24) {
[2026-09-03T13:35:54.013Z] code: 'ERR_MODULE_NOT_FOUND'
[2026-09-03T13:35:54.013Z] }
[2026-09-03T13:35:54.013Z] Node.js v22.13.0
[2026-09-03T13:40:23.364Z] ELIFECYCLE  Command failed.
[2026-09-03T13:40:23.378Z] Dev server exited with code 0
